eth_getBlockByNumber
latest true
0.25688759
latest false
0.2142611299999999
0x212A9B true
0.25434186999999997
0x212A9B false
0.21003922999999994
0x414348 true
0.22254884000000005
0x414348 false
0.21639542000000003
0x71434A true
0.35334027999999995
0x71434A false
0.20420643999999996
eth_getUncleByBlockNumberAndIndex
latest 0x0
0.20891029000000003
latest 0x1
0.20653591999999996
latest 0x2
0.20854377000000002
0x212A9B 0x0
0.2281343499999999
0x212A9B 0x1
0.20963998000000003
0x212A9B 0x2
0.30991986000000005
0x414348 0x0
0.24143944000000012
0x414348 0x1
0.21242794000000004
0x414348 0x2
0.23604519
0x71434A 0x0
0.2319614299999999
0x71434A 0x1
0.21372872999999998
0x71434A 0x2
0.21502640999999995
eth_getBlockTransactionCountByNumber
latest
0.23824853999999995
0x212A9B
0.21132505000000001
0x414348
0.21290572000000002
0x71434A
0.22644377999999998
eth_getTransactionByHash
0x4d180866d7f6c99eeb01bb947be73f473cbfb95bc6ca12e50cded5219d864ee7
0.30803102000000004
0x14a824a9afb11e4c04b85baa975b4c469bb30d3fe2b2be33c8a8132c130b6213
0.21295038999999988
0x3aa07e4a03f85bdf3ee2b7c98ef91c3b44e643f1001ccb152171514ab9e9487e
0.25796582
eth_getTransactionByBlockNumberAndIndex
latest 0x0
0.20395554000000007
latest 0x1
0.9155621700000002
latest 0x2
0.23914902999999998
0x212A9B 0x0
0.22951434000000004
0x212A9B 0x1
0.2364657000000001
0x212A9B 0x2
0.21900667
0x414348 0x0
0.21260697000000003
0x414348 0x1
0.21185610000000007
0x414348 0x2
0.21486354
0x71434A 0x0
0.28186115
0x71434A 0x1
0.25388724999999995
0x71434A 0x2
0.2369608099999999
eth_getTransactionCount
0x625e7c977cebab5734316574a6d0dc9e53ac0057 latest
0.21599649999999987
0x625e7c977cebab5734316574a6d0dc9e53ac0057 0x212A9B
0.2262060099999999
0x625e7c977cebab5734316574a6d0dc9e53ac0057 0x414348
0.22615176999999992
0x625e7c977cebab5734316574a6d0dc9e53ac0057 0x71434A
0.20745684000000011
0xf80a32a835f79d7787e8a8ee5721d0feafd78108 latest
0.21637645999999988
0xf80a32a835f79d7787e8a8ee5721d0feafd78108 0x212A9B
0.22171259000000001
0xf80a32a835f79d7787e8a8ee5721d0feafd78108 0x414348
0.22689645999999994
0xf80a32a835f79d7787e8a8ee5721d0feafd78108 0x71434A
0.22636399000000013
eth_getTransactionReceipt
0x4d180866d7f6c99eeb01bb947be73f473cbfb95bc6ca12e50cded5219d864ee7
0.22823431999999994
0x14a824a9afb11e4c04b85baa975b4c469bb30d3fe2b2be33c8a8132c130b6213
0.22043450999999986
0x3aa07e4a03f85bdf3ee2b7c98ef91c3b44e643f1001ccb152171514ab9e9487e
0.2680955399999999
eth_getCode
0x625e7c977cebab5734316574a6d0dc9e53ac0057 latest
0.22521417
0x625e7c977cebab5734316574a6d0dc9e53ac0057 0x212A9B
0.21575920000000007
0x625e7c977cebab5734316574a6d0dc9e53ac0057 0x414348
0.24023177000000004
0x625e7c977cebab5734316574a6d0dc9e53ac0057 0x71434A
0.22134846999999996
0xf80a32a835f79d7787e8a8ee5721d0feafd78108 latest
0.21298076000000002
0xf80a32a835f79d7787e8a8ee5721d0feafd78108 0x212A9B
0.20828812999999996
0xf80a32a835f79d7787e8a8ee5721d0feafd78108 0x414348
0.23784253000000002
0xf80a32a835f79d7787e8a8ee5721d0feafd78108 0x71434A
0.23557400000000014
eth_getStorageAt
0x625e7c977cebab5734316574a6d0dc9e53ac0057 0x0 latest
0.2381413400000001
0x625e7c977cebab5734316574a6d0dc9e53ac0057 0x0 0x212A9B
0.20824313000000008
0x625e7c977cebab5734316574a6d0dc9e53ac0057 0x0 0x414348
0.2032009400000001
0x625e7c977cebab5734316574a6d0dc9e53ac0057 0x0 0x71434A
0.20561510000000002
0x625e7c977cebab5734316574a6d0dc9e53ac0057 0x1 latest
0.23609119000000006
0x625e7c977cebab5734316574a6d0dc9e53ac0057 0x1 0x212A9B
0.24992968
0x625e7c977cebab5734316574a6d0dc9e53ac0057 0x1 0x414348
0.2589301
0x625e7c977cebab5734316574a6d0dc9e53ac0057 0x1 0x71434A
0.2509411200000001
0x625e7c977cebab5734316574a6d0dc9e53ac0057 0x2 latest
0.2743510500000001
0x625e7c977cebab5734316574a6d0dc9e53ac0057 0x2 0x212A9B
0.23185091000000002
0x625e7c977cebab5734316574a6d0dc9e53ac0057 0x2 0x414348
0.27469593
0x625e7c977cebab5734316574a6d0dc9e53ac0057 0x2 0x71434A
0.27696629000000006
0xf80a32a835f79d7787e8a8ee5721d0feafd78108 0x0 latest
0.23847593
0xf80a32a835f79d7787e8a8ee5721d0feafd78108 0x0 0x212A9B
0.23233824999999997
0xf80a32a835f79d7787e8a8ee5721d0feafd78108 0x0 0x414348
0.21727766999999998
0xf80a32a835f79d7787e8a8ee5721d0feafd78108 0x0 0x71434A
0.24083662
0xf80a32a835f79d7787e8a8ee5721d0feafd78108 0x1 latest
0.2826732600000001
0xf80a32a835f79d7787e8a8ee5721d0feafd78108 0x1 0x212A9B
0.26824907000000003
0xf80a32a835f79d7787e8a8ee5721d0feafd78108 0x1 0x414348
0.23763757000000008
0xf80a32a835f79d7787e8a8ee5721d0feafd78108 0x1 0x71434A
0.22305363999999997
0xf80a32a835f79d7787e8a8ee5721d0feafd78108 0x2 latest
0.23484979000000006
0xf80a32a835f79d7787e8a8ee5721d0feafd78108 0x2 0x212A9B
0.23348175999999995
0xf80a32a835f79d7787e8a8ee5721d0feafd78108 0x2 0x414348
0.22727609999999993
0xf80a32a835f79d7787e8a8ee5721d0feafd78108 0x2 0x71434A
0.22882798000000007
eth_gasPrice
